// Jest Snapshot v1, https://goo.gl/fbAQLP

exports[`Test App Component deve montar corretamente 1`] = `ShallowWrapper {}`;
